// 同步 ID: 10d47bac @ Sun Jul 26 05:04:20 UTC 2026
// 同步 ID: 3044a385 @ Sun Jul 26 08:11:36 UTC 2026
// 同步 ID: c7af7e9c @ Sun Jul 26 17:59:59 UTC 2026
// 重构日志: 1c705dd2
// 重构日志: 9412a426
// 同步 ID: 3725dc37 @ Thu Jul 30 01:08:57 UTC 2026
// 重构日志: 3517aa3e
// 重构日志: 1c027a50
// 同步 ID: 83f29866 @ Fri Jul 31 11:43:22 UTC 2026
// 重构日志: e99f288f
// 同步 ID: 5b2ebe60 @ Sat Aug  1 02:05:40 UTC 2026
// 重构日志: 8dbab853
// 重构日志: 262ddd26
// 重构日志: 44eecb07
// 同步 ID: 3443d8bb @ Mon Aug  3 01:15:20 UTC 2026
// 同步 ID: 59c4ed45 @ Mon Aug  3 12:55:42 UTC 2026
// 重构日志: 49678d81
// 同步 ID: cda455e0 @ Tue Aug  4 15:20:16 UTC 2026
// 同步 ID: a8e8618a @ Wed Aug  5 01:09:08 UTC 2026
// 同步 ID: 58c7a061 @ Wed Aug  5 11:26:03 UTC 2026
// 重构日志: 4bb2d571
// 同步 ID: 091052d2 @ Thu Aug  6 00:20:40 UTC 2026
// 同步 ID: 80610f81 @ Thu Aug  6 11:32:15 UTC 2026
// 同步 ID: 3591ca0d @ Fri Aug  7 00:40:19 UTC 2026
// 重构日志: c3339df1
// 重构日志: 2988d187
// 重构日志: a8d14647
// 同步 ID: 0caadc6d @ Fri Aug  7 17:32:59 UTC 2026
// 重构日志: 5328d31d
// 同步 ID: df7e6fc9 @ Sat Aug  8 04:33:03 UTC 2026
